Depth  Name                                     #Inst  Area (um^2)
------------------------------------------------------------------
0      system_top                               1365   19753.2629 
1      U0_CLK_GATE                              1      40.0078    
1      U0_UART                                  293    3354.7717  
1      U0_ALU                                   435    5448.121   
1      U0_DFT_MUX_UART_CLK                      1      11.767     
1      U0_bit_synchronizer                      3      98.8428    
1      U0_CTRL_TOP                              172    2054.5182  
1      U0_Data_Sync_of_TX                       22     480.0936   
1      U0_clock_divider                         38     416.5518   
1      U0_DFT_MUX_RST                           1      11.767     
1      U0_DFT_MUX_REF_CLK                       1      11.767     
1      UO_RegFile                               357    6994.3048  
1      U0_SYNC_RST_REF_CLK                      3      98.8428    
1      U0_DFT_MUX_RST_UART                      1      16.4738    
1      U0_Data_Sync_of_RX                       22     480.0936   
1      U0_DFT_MUX_UART_TX_CLK                   1      16.4738    
1      U0_SYNC_RST_UART_CLK                     3      98.8428    
1      U0_DFT_MUX_RST_REF                       1      16.4738    
2      U0_ALU/sub_46                            11     237.6934   
2      U0_CTRL_TOP/U0_CTRL_TX                   36     328.2993   
2      U0_ALU/mult_49                           169    2067.4619  
2      U0_UART/TX_module                        72     915.4726   
2      U0_ALU/div_52                            82     1374.3856  
2      U0_UART/RX_module                        221    2439.2991  
2      U0_CTRL_TOP/U0_CTRL_RX                   136    1726.2189  
2      U0_ALU/add_43                            9      231.8099   
3      U0_UART/RX_module/U0_edge_bit_counter    56     649.5384   
3      U0_UART/TX_module/Parity_Calc_Module     8      125.9069   
3      U0_UART/RX_module/U0_parity_check        16     401.2547   
3      U0_UART/TX_module/FSM_Module             21     223.573    
3      U0_UART/RX_module/U0_FSM                 68     522.4548   
3      U0_ALU/mult_49/FS_1                      27     205.9225   
3      U0_UART/RX_module/U0_data_sampling       45     460.0897   
3      U0_UART/RX_module/U0_stop_check          1      5.8835     
3      U0_UART/TX_module/serializer_Module      40     548.3422   
3      U0_UART/RX_module/U0_deserializer        34     394.1945   
3      U0_UART/RX_module/U0_strt_check          1      5.8835     
3      U0_UART/TX_module/MUX_Module             3      17.6505    
